At r = 13.316468:	q_mu = 3.84901	q_A  = 3.84906	CLsb = 0.02489	CLb  = 0.50000	CLs  = 0.04977

 -- Asymptotic -- 
Observed Limit: r < 13.3165
Expected  2.5%: r < 6.2142
Expected 16.0%: r < 8.7374
Expected 50.0%: r < 13.3125
Expected 84.0%: r < 21.0068
Expected 97.5%: r < 32.4177

Done in 0.11 min (cpu), 0.11 min (real)
